Archive member included to satisfy reference by file (symbol)

/home/deg/fsl-arm-yocto-bsp/build/tmp/sysroots/imx6ulevk/usr/lib/arm-poky-linux-gnueabi/5.3.0/libgcc.a(_udivsi3.o)
                              arch/arm/cpu/armv7/built-in.o (__aeabi_uidiv)
/home/deg/fsl-arm-yocto-bsp/build/tmp/sysroots/imx6ulevk/usr/lib/arm-poky-linux-gnueabi/5.3.0/libgcc.a(_divsi3.o)
                              cmd/built-in.o (__aeabi_idiv)
/home/deg/fsl-arm-yocto-bsp/build/tmp/sysroots/imx6ulevk/usr/lib/arm-poky-linux-gnueabi/5.3.0/libgcc.a(_lshrdi3.o)
                              fs/built-in.o (__aeabi_llsr)
/home/deg/fsl-arm-yocto-bsp/build/tmp/sysroots/imx6ulevk/usr/lib/arm-poky-linux-gnueabi/5.3.0/libgcc.a(_ashldi3.o)
                              drivers/mmc/built-in.o (__aeabi_llsl)
/home/deg/fsl-arm-yocto-bsp/build/tmp/sysroots/imx6ulevk/usr/lib/arm-poky-linux-gnueabi/5.3.0/libgcc.a(_dvmd_lnx.o)
                              /home/deg/fsl-arm-yocto-bsp/build/tmp/sysroots/imx6ulevk/usr/lib/arm-poky-linux-gnueabi/5.3.0/libgcc.a(_udivsi3.o) (__aeabi_idiv0)

Discarded input sections

 .data          0x0000000000000000        0x0 arch/arm/cpu/armv7/start.o
 .bss           0x0000000000000000        0x0 arch/arm/cpu/armv7/start.o
 .text.v7_arch_cp15_set_l2aux_ctrl
                0x0000000000000000        0x8 arch/arm/cpu/armv7/built-in.o
 .text.v7_arch_cp15_set_acr
                0x0000000000000000        0x8 arch/arm/cpu/armv7/built-in.o
 .text.sdelay   0x0000000000000000        0xc arch/arm/cpu/armv7/built-in.o
 .text.wait_on_value
                0x0000000000000000       0x34 arch/arm/cpu/armv7/built-in.o
 .text.get_nr_cpus
                0x0000000000000000       0x10 arch/arm/cpu/armv7/built-in.o
 .text.board_mmc_get_env_dev
                0x0000000000000000        0x8 arch/arm/cpu/armv7/built-in.o
 .text.get_boot_device
                0x0000000000000000       0x9c arch/arm/cpu/armv7/built-in.o
 .text.enable_uart_clk
                0x0000000000000000       0x54 arch/arm/cpu/armv7/built-in.o
 .text.enable_usdhc_clk
                0x0000000000000000       0x4c arch/arm/cpu/armv7/built-in.o
 .text.enable_spi_clk
                0x0000000000000000       0x44 arch/arm/cpu/armv7/built-in.o
 .text.enable_lvds_bridge
                0x0000000000000000      0x1d8 arch/arm/cpu/armv7/built-in.o
 .text.enable_ipu_clock
                0x0000000000000000       0x90 arch/arm/cpu/armv7/built-in.o
 .text.mx6_ecspi_fused
                0x0000000000000000       0x78 arch/arm/cpu/armv7/built-in.o
 .text.mx6_uart_fused
                0x0000000000000000       0x98 arch/arm/cpu/armv7/built-in.o
 .data          0x0000000000000000        0x0 arch/arm/cpu/armv7/built-in.o
 .bss           0x0000000000000000        0x0 arch/arm/cpu/armv7/built-in.o
 .text          0x0000000000000000        0x0 arch/arm/imx-common/built-in.o
 .text.imx_iomux_set_gpr_register
                0x0000000000000000       0x3c arch/arm/imx-common/built-in.o
 .text.get_imx_reset_cause
                0x0000000000000000       0x10 arch/arm/imx-common/built-in.o
 .text.set_chipselect_size
                0x0000000000000000       0x84 arch/arm/imx-common/built-in.o
 .text.usec2ticks
                0x0000000000000000       0x60 arch/arm/imx-common/built-in.o
 .data          0x0000000000000000        0x0 arch/arm/imx-common/built-in.o
 .bss           0x0000000000000000        0x0 arch/arm/imx-common/built-in.o
 .text.reset_misc
                0x0000000000000000        0x4 arch/arm/lib/built-in.o
 .text.enable_caches
                0x0000000000000000        0xc arch/arm/lib/built-in.o
 .text.invalidate_dcache_range
                0x0000000000000000        0x4 arch/arm/lib/built-in.o
 .text.flush_dcache_range
                0x0000000000000000        0x4 arch/arm/lib/built-in.o
 .text.flush_dcache_all
                0x0000000000000000        0xc arch/arm/lib/built-in.o
 .text.arm_init_before_mmu
                0x0000000000000000        0x4 arch/arm/lib/built-in.o
 .text.mmu_page_table_flush
                0x0000000000000000        0x4 arch/arm/lib/built-in.o
 .data          0x0000000000000000        0x0 arch/arm/lib/built-in.o
 .__secure_start
                0x0000000000000000        0x0 arch/arm/lib/built-in.o
 .__secure_end  0x0000000000000000        0x0 arch/arm/lib/built-in.o
 .bss           0x0000000000000000        0x0 arch/arm/lib/built-in.o
 .text          0x0000000000000000        0x0 board/freescale/common/built-in.o
 .text.mmc_map_to_kernel_blk
                0x0000000000000000        0x4 board/freescale/common/built-in.o
 .data          0x0000000000000000        0x0 board/freescale/common/built-in.o
 .bss           0x0000000000000000        0x0 board/freescale/common/built-in.o
 .text          0x0000000000000000        0x0 board/freescale/mx6ul_14x14_evk/built-in.o
 .text.iox74lv_set
                0x0000000000000000       0xfc board/freescale/mx6ul_14x14_evk/built-in.o
[...]
Memory Configuration

Name             Origin             Length             Attributes
*default*        0x0000000000000000 0xffffffffffffffff

Linker script and memory map

Address of section .text set to 0x87800000
                0x0000000000000000                . = 0x0
                0x0000000000000000                . = ALIGN (0x4)

.text           0x0000000087800000    0x3d598
 *(.__image_copy_start)
 .__image_copy_start
                0x0000000087800000        0x0 arch/arm/lib/built-in.o
                0x0000000087800000                __image_copy_start
 *(.vectors)
 .vectors       0x0000000087800000      0x2e8 arch/arm/lib/built-in.o
                0x0000000087800000                _start
                0x0000000087800020                _undefined_instruction
                0x0000000087800024                _software_interrupt
                0x0000000087800028                _prefetch_abort
                0x000000008780002c                _data_abort
                0x0000000087800030                _not_used
                0x0000000087800034                _irq
                0x0000000087800038                _fiq
                0x0000000087800040                IRQ_STACK_START_IN
 arch/arm/cpu/armv7/start.o(.text*)
 .text          0x00000000878002e8       0xb0 arch/arm/cpu/armv7/start.o
                0x00000000878002e8                reset
                0x00000000878002ec                save_boot_params_ret
                0x0000000087800328                c_runtime_cpu_setup
                0x0000000087800338                save_boot_params
                0x000000008780033c                cpu_init_cp15
                0x0000000087800390                cpu_init_crit
 *(.text*)
 .text          0x0000000087800398       0x24 arch/arm/cpu/armv7/built-in.o
                0x0000000087800398                lowlevel_init
 .text.v7_maint_dcache_all
                0x00000000878003bc       0xd0 arch/arm/cpu/armv7/built-in.o
 .text.invalidate_icache_all
                0x000000008780048c       0x18 arch/arm/cpu/armv7/built-in.o
                0x000000008780048c                invalidate_icache_all
 .text.v7_outer_cache_enable
                0x00000000878004a4        0x4 arch/arm/cpu/armv7/built-in.o
                0x00000000878004a4                v7_outer_cache_enable
 .text.v7_outer_cache_disable
                0x00000000878004a8        0x4 arch/arm/cpu/armv7/built-in.o
                0x00000000878004a8                v7_outer_cache_disable
 .text.v7_outer_cache_flush_all
                0x00000000878004ac        0x4 arch/arm/cpu/armv7/built-in.o
                0x00000000878004ac                v7_outer_cache_flush_all
 .text.flush_dcache_all
                0x00000000878004b0       0x14 arch/arm/cpu/armv7/built-in.o
                0x00000000878004b0                flush_dcache_all
 .text.v7_outer_cache_inval_all
                0x00000000878004c4        0x4 arch/arm/cpu/armv7/built-in.o
                0x00000000878004c4                v7_outer_cache_inval_all
 .text.invalidate_dcache_all
                0x00000000878004c8       0x14 arch/arm/cpu/armv7/built-in.o
                0x00000000878004c8                invalidate_dcache_all
 .text.arm_init_before_mmu
                0x00000000878004dc       0x28 arch/arm/cpu/armv7/built-in.o
                0x00000000878004dc                arm_init_before_mmu
 .text.v7_outer_cache_flush_range
                0x0000000087800504        0x4 arch/arm/cpu/armv7/built-in.o
                0x0000000087800504                v7_outer_cache_flush_range
 .text.flush_dcache_range
                0x0000000087800508       0x38 arch/arm/cpu/armv7/built-in.o
                0x0000000087800508                flush_dcache_range
 .text.mmu_page_table_flush
                0x0000000087800540       0x24 arch/arm/cpu/armv7/built-in.o
                0x0000000087800540                mmu_page_table_flush
 .text.v7_outer_cache_inval_range
                0x0000000087800564        0x4 arch/arm/cpu/armv7/built-in.o
                0x0000000087800564                v7_outer_cache_inval_range
 .text.invalidate_dcache_range
                0x0000000087800568       0xa8 arch/arm/cpu/armv7/built-in.o
                0x0000000087800568                invalidate_dcache_range
 .text.cpu_cache_initialization
                0x0000000087800610        0x4 arch/arm/cpu/armv7/built-in.o
                0x0000000087800610                cpu_cache_initialization
 .text.cleanup_before_linux_select
                0x0000000087800614       0x4c arch/arm/cpu/armv7/built-in.o
                0x0000000087800614                cleanup_before_linux_select
 .text.cleanup_before_linux
                0x0000000087800660        0x8 arch/arm/cpu/armv7/built-in.o
                0x0000000087800660                cleanup_before_linux
 .text.get_cpu_rev
                0x0000000087800668       0x90 arch/arm/cpu/armv7/built-in.o
                0x0000000087800668                get_cpu_rev
 .text.get_cpu_speed_grade_hz
                0x00000000878006f8      0x128 arch/arm/cpu/armv7/built-in.o
                0x00000000878006f8                get_cpu_speed_grade_hz
 .text.get_cpu_temp_grade
                0x0000000087800820       0x68 arch/arm/cpu/armv7/built-in.o
                0x0000000087800820                get_cpu_temp_grade
 .text.get_board_rev
                0x0000000087800888       0x40 arch/arm/cpu/armv7/built-in.o
                0x0000000087800888                get_board_rev
 .text.arch_cpu_init
                0x00000000878008c8      0x368 arch/arm/cpu/armv7/built-in.o
                0x00000000878008c8                arch_cpu_init
 .text.mmc_get_env_dev
                0x0000000087800c30       0x28 arch/arm/cpu/armv7/built-in.o
                0x0000000087800c30                mmc_get_env_dev
 .text.board_mmc_get_env_part
                0x0000000087800c58        0x8 arch/arm/cpu/armv7/built-in.o
                0x0000000087800c58                board_mmc_get_env_part
 .text.mmc_get_env_part
                0x0000000087800c60       0x28 arch/arm/cpu/armv7/built-in.o
                0x0000000087800c60                mmc_get_env_part
 .text.board_postclk_init
                0x0000000087800c88       0x70 arch/arm/cpu/armv7/built-in.o
                0x0000000087800c88                board_postclk_init
 .text.imx_get_mac_from_fuse
                0x0000000087800cf8       0xb8 arch/arm/cpu/armv7/built-in.o
                0x0000000087800cf8                imx_get_mac_from_fuse
 .text.set_wdog_reset
                0x0000000087800db0       0x18 arch/arm/cpu/armv7/built-in.o
                0x0000000087800db0                set_wdog_reset
 .text.reset_misc
                0x0000000087800dc8        0x4 arch/arm/cpu/armv7/built-in.o
                0x0000000087800dc8                reset_misc
 .text.s_init   0x0000000087800dcc       0xa8 arch/arm/cpu/armv7/built-in.o
                0x0000000087800dcc                s_init
 .text.disable_lcdif_clock
                0x0000000087800e74      0x208 arch/arm/cpu/armv7/built-in.o
 .text.get_ipg_clk
                0x000000008780107c       0x28 arch/arm/cpu/armv7/built-in.o
 .text.enable_pll_video.constprop.0
                0x00000000878010a4      0x100 arch/arm/cpu/armv7/built-in.o
 .text.get_uart_clk
                0x00000000878011a4       0xd8 arch/arm/cpu/armv7/built-in.o
 .text.mxc_get_pll_pfd
                0x000000008780127c       0xd4 arch/arm/cpu/armv7/built-in.o
 .text.get_usdhc_clk
                0x0000000087801350       0xe8 arch/arm/cpu/armv7/built-in.o
 .text.enable_ocotp_clk
                0x0000000087801438       0x24 arch/arm/cpu/armv7/built-in.o
                0x0000000087801438                enable_ocotp_clk
 .text.enable_usboh3_clk
                0x000000008780145c       0x24 arch/arm/cpu/armv7/built-in.o
                0x000000008780145c                enable_usboh3_clk
 .text.enable_enet_clk
                0x0000000087801480       0x64 arch/arm/cpu/armv7/built-in.o
                0x0000000087801480                enable_enet_clk
 .text.enable_i2c_clk
                0x00000000878014e4       0xd8 arch/arm/cpu/armv7/built-in.o
                0x00000000878014e4                enable_i2c_clk
 .text.get_periph_clk
                0x00000000878015bc       0xdc arch/arm/cpu/armv7/built-in.o
                0x00000000878015bc                get_periph_clk
 .text.get_axi_clk
                0x0000000087801698       0x4c arch/arm/cpu/armv7/built-in.o
 .text.enable_lcdif_clock
                0x00000000878016e4      0x264 arch/arm/cpu/armv7/built-in.o
                0x00000000878016e4                enable_lcdif_clock
 .text.mxs_set_lcdclk
                0x0000000087801948      0x394 arch/arm/cpu/armv7/built-in.o
                0x0000000087801948                mxs_set_lcdclk
 .text.enable_qspi_clk
                0x0000000087801cdc       0x9c arch/arm/cpu/armv7/built-in.o
                0x0000000087801cdc                enable_qspi_clk
 .text.enable_fec_anatop_clock
                0x0000000087801d78       0xf4 arch/arm/cpu/armv7/built-in.o
                0x0000000087801d78                enable_fec_anatop_clock
 .text.imx_get_uartclk
                0x0000000087801e6c        0x4 arch/arm/cpu/armv7/built-in.o
                0x0000000087801e6c                imx_get_uartclk
 .text.enable_thermal_clk
                0x0000000087801e70       0x48 arch/arm/cpu/armv7/built-in.o
                0x0000000087801e70                enable_thermal_clk
 .text.mxc_get_clock
                0x0000000087801eb8      0x4bc arch/arm/cpu/armv7/built-in.o
                0x0000000087801eb8                mxc_get_clock
 .text.imx_get_fecclk
                0x0000000087802374        0x8 arch/arm/cpu/armv7/built-in.o
                0x0000000087802374                imx_get_fecclk
 .text.do_mx6_showclocks
                0x000000008780237c      0x230 arch/arm/cpu/armv7/built-in.o
                0x000000008780237c                do_mx6_showclocks
 .text.check_module_fused
                0x00000000878025ac       0x68 arch/arm/cpu/armv7/built-in.o
                0x00000000878025ac                check_module_fused
 .text.ft_system_setup
                0x0000000087802614       0xf4 arch/arm/cpu/armv7/built-in.o
                0x0000000087802614                ft_system_setup
 .text.mx6_esdhc_fused
                0x0000000087802708       0x64 arch/arm/cpu/armv7/built-in.o
                0x0000000087802708                mx6_esdhc_fused
 .text.mx6_usb_fused
                0x000000008780276c       0x14 arch/arm/cpu/armv7/built-in.o
                0x000000008780276c                mx6_usb_fused
 .text.mx6_qspi_fused
                0x0000000087802780        0x8 arch/arm/cpu/armv7/built-in.o
                0x0000000087802780                mx6_qspi_fused
 .text.mx6_i2c_fused
                0x0000000087802788       0x64 arch/arm/cpu/armv7/built-in.o
                0x0000000087802788                mx6_i2c_fused
 .text.mx6_enet_fused
                0x00000000878027ec       0x34 arch/arm/cpu/armv7/built-in.o
                0x00000000878027ec                mx6_enet_fused
 .text.imx_iomux_v3_setup_pad
                0x0000000087802820       0xfc arch/arm/imx-common/built-in.o
                0x0000000087802820                imx_iomux_v3_setup_pad
 .text.imx_iomux_v3_setup_multiple_pads
                0x000000008780291c       0x2c arch/arm/imx-common/built-in.o
                0x000000008780291c                imx_iomux_v3_setup_multiple_pads
 .text.imx_ddr_size
                0x0000000087802948       0x64 arch/arm/imx-common/built-in.o
                0x0000000087802948                imx_ddr_size
 .text.get_imx_type
                0x00000000878029ac       0x20 arch/arm/imx-common/built-in.o
                0x00000000878029ac                get_imx_type
 .text.print_cpuinfo
                0x00000000878029cc      0x228 arch/arm/imx-common/built-in.o
                0x00000000878029cc                print_cpuinfo
 .text.cpu_eth_init
                0x0000000087802bf4        0x4 arch/arm/imx-common/built-in.o
                0x0000000087802bf4                cpu_eth_init
 .text.cpu_mmc_init
                0x0000000087802bf8        0x4 arch/arm/imx-common/built-in.o
                0x0000000087802bf8                cpu_mmc_init
 .text.get_ahb_clk
                0x0000000087802bfc       0x24 arch/arm/imx-common/built-in.o
                0x0000000087802bfc                get_ahb_clk
 .text.arch_preboot_os
                0x0000000087802c20        0x4 arch/arm/imx-common/built-in.o
                0x0000000087802c20                arch_preboot_os
 .text.get_clocks
                0x0000000087802c24       0x1c arch/arm/imx-common/built-in.o
                0x0000000087802c24                get_clocks
 .text.force_idle_bus
                0x0000000087802c40      0x1c4 arch/arm/imx-common/built-in.o
                0x0000000087802c40                force_idle_bus
 .text.setup_i2c
                0x0000000087802e04       0xe4 arch/arm/imx-common/built-in.o
                0x0000000087802e04                setup_i2c
 .text.mxs_wait_mask_set
                0x0000000087802ee8       0x3c arch/arm/imx-common/built-in.o
                0x0000000087802ee8                mxs_wait_mask_set
 .text.mxs_wait_mask_clr
                0x0000000087802f24       0x3c arch/arm/imx-common/built-in.o
                0x0000000087802f24                mxs_wait_mask_clr
 .text.mxs_reset_block
                0x0000000087802f60       0x90 arch/arm/imx-common/built-in.o
                0x0000000087802f60                mxs_reset_block
 .text.enable_caches
                0x0000000087802ff0       0x34 arch/arm/imx-common/built-in.o
                0x0000000087802ff0                enable_caches
 .text.init_aips
                0x0000000087803024       0xc0 arch/arm/imx-common/built-in.o
                0x0000000087803024                init_aips
 .text.imx_set_wdog_powerdown
                0x00000000878030e4       0xa0 arch/arm/imx-common/built-in.o
                0x00000000878030e4                imx_set_wdog_powerdown
 .text.init_src
                0x0000000087803184       0x18 arch/arm/imx-common/built-in.o
                0x0000000087803184                init_src
 .text.boot_mode_apply
                0x000000008780319c       0x24 arch/arm/imx-common/built-in.o
                0x000000008780319c                boot_mode_apply
 .text.board_video_skip
                0x00000000878031c0      0x1a0 arch/arm/imx-common/built-in.o
                0x00000000878031c0                board_video_skip
 .text.timer_init
                0x0000000087803360       0x3c arch/arm/imx-common/built-in.o
                0x0000000087803360                timer_init
 .text.get_ticks
                0x000000008780339c       0x18 arch/arm/imx-common/built-in.o
                0x000000008780339c                get_ticks
 .text.get_timer_masked
                0x00000000878033b4       0x58 arch/arm/imx-common/built-in.o
                0x00000000878033b4                get_timer_masked
 .text.get_timer
                0x000000008780340c       0x14 arch/arm/imx-common/built-in.o
                0x000000008780340c                get_timer
 .text.__udelay
                0x0000000087803420       0x88 arch/arm/imx-common/built-in.o
                0x0000000087803420                __udelay
 .text.get_tbclk
                0x00000000878034a8        0x8 arch/arm/imx-common/built-in.o
                0x00000000878034a8                get_tbclk
 .text.create_usage
                0x00000000878034b0       0xac arch/arm/imx-common/built-in.o
 .text.do_boot_mode
                0x000000008780355c       0xd4 arch/arm/imx-common/built-in.o
 .text.add_board_boot_modes
                0x0000000087803630       0x60 arch/arm/imx-common/built-in.o
                0x0000000087803630                add_board_boot_modes
 .text          0x0000000087803690       0x90 arch/arm/lib/built-in.o
                0x0000000087803690                _main
 .text.relocate_vectors
                0x0000000087803720       0x70 arch/arm/lib/built-in.o
                0x0000000087803720                relocate_vectors
                0x000000008780372c                relocate_code
 .text.arch_fixup_fdt
                0x0000000087803790       0x38 arch/arm/lib/built-in.o
                0x0000000087803790                arch_fixup_fdt
 .text.boot_jump_linux
                0x00000000878037c8       0xc4 arch/arm/lib/built-in.o
 .text.arch_lmb_reserve
                0x000000008780388c       0x24 arch/arm/lib/built-in.o
                0x000000008780388c                arch_lmb_reserve
 .text.setup_board_tags
                0x00000000878038b0        0x4 arch/arm/lib/built-in.o
                0x00000000878038b0                setup_board_tags
 .text.boot_prep_linux
                0x00000000878038b4      0x1d4 arch/arm/lib/built-in.o
 .text.do_bootm_linux
                0x0000000087803a88       0x64 arch/arm/lib/built-in.o
                0x0000000087803a88                do_bootm_linux
 .text.bootz_setup
                0x0000000087803aec       0x58 arch/arm/lib/built-in.o
                0x0000000087803aec                bootz_setup
 .text.boot_prep_vxworks
                0x0000000087803b44       0x50 arch/arm/lib/built-in.o
                0x0000000087803b44                boot_prep_vxworks
 .text.boot_jump_vxworks
                0x0000000087803b94        0xc arch/arm/lib/built-in.o
                0x0000000087803b94                boot_jump_vxworks
 .text.arch_reserve_stacks
                0x0000000087803ba0       0x1c arch/arm/lib/built-in.o
                0x0000000087803ba0                arch_reserve_stacks
 .text.interrupt_init
                0x0000000087803bbc       0x1c arch/arm/lib/built-in.o
                0x0000000087803bbc                interrupt_init
 .text.enable_interrupts
                0x0000000087803bd8        0x4 arch/arm/lib/built-in.o
                0x0000000087803bd8                enable_interrupts
 .text.disable_interrupts
                0x0000000087803bdc        0x8 arch/arm/lib/built-in.o
                0x0000000087803bdc                disable_interrupts
 .text.bad_mode
                0x0000000087803be4       0x10 arch/arm/lib/built-in.o
                0x0000000087803be4                bad_mode
 .text.show_regs
                0x0000000087803bf4      0x174 arch/arm/lib/built-in.o
                0x0000000087803bf4                show_regs
 .text.do_undefined_instruction
                0x0000000087803d68       0x20 arch/arm/lib/built-in.o
                0x0000000087803d68                do_undefined_instruction
 .text.do_software_interrupt
                0x0000000087803d88       0x20 arch/arm/lib/built-in.o
                0x0000000087803d88                do_software_interrupt
 .text.do_prefetch_abort
                0x0000000087803da8       0x20 arch/arm/lib/built-in.o
                0x0000000087803da8                do_prefetch_abort
 .text.do_data_abort
                0x0000000087803dc8       0x20 arch/arm/lib/built-in.o
                0x0000000087803dc8                do_data_abort
 .text.do_not_used
                0x0000000087803de8       0x20 arch/arm/lib/built-in.o
                0x0000000087803de8                do_not_used
 .text.do_fiq   0x0000000087803e08       0x20 arch/arm/lib/built-in.o
                0x0000000087803e08                do_fiq
 .text.do_irq   0x0000000087803e28       0x20 arch/arm/lib/built-in.o
                0x0000000087803e28                do_irq
 .text.do_reset
                0x0000000087803e48       0x30 arch/arm/lib/built-in.o
                0x0000000087803e48                do_reset
 .text.flush_cache
                0x0000000087803e78        0x8 arch/arm/lib/built-in.o
                0x0000000087803e78                flush_cache
 .text.cp_delay
                0x0000000087803e80       0x30 arch/arm/lib/built-in.o
 .text.arm_init_domains
                0x0000000087803eb0        0x4 arch/arm/lib/built-in.o
                0x0000000087803eb0                arm_init_domains
 .text.set_section_dcache
                0x0000000087803eb4       0x14 arch/arm/lib/built-in.o
                0x0000000087803eb4                set_section_dcache
 .text.mmu_set_region_dcache_behaviour
                0x0000000087803ec8       0x4c arch/arm/lib/built-in.o
                0x0000000087803ec8                mmu_set_region_dcache_behaviour
 .text.dram_bank_mmu_setup
                0x0000000087803f14       0x44 arch/arm/lib/built-in.o
                0x0000000087803f14                dram_bank_mmu_setup
 .text.icache_enable
                0x0000000087803f58       0x18 arch/arm/lib/built-in.o
                0x0000000087803f58                icache_enable
 .text.icache_disable
                0x0000000087803f70       0x20 arch/arm/lib/built-in.o
                0x0000000087803f70                icache_disable
 .text.icache_status
                0x0000000087803f90        0xc arch/arm/lib/built-in.o
                0x0000000087803f90                icache_status
 .text.dcache_enable
                0x0000000087803f9c       0x7c arch/arm/lib/built-in.o
                0x0000000087803f9c                dcache_enable
 .text.dcache_disable
                0x0000000087804018       0x2c arch/arm/lib/built-in.o
                0x0000000087804018                dcache_disable
 .text.dcache_status
                0x0000000087804044        0xc arch/arm/lib/built-in.o
                0x0000000087804044                dcache_status
 .text.board_late_mmc_env_init
                0x0000000087804050       0x9c board/freescale/common/built-in.o
                0x0000000087804050                board_late_mmc_env_init
 .text.do_enable_parallel_lcd
                0x00000000878040ec       0x4c board/freescale/mx6ul_14x14_evk/built-in.o
                0x00000000878040ec                do_enable_parallel_lcd
 .text.power_init_board
                0x0000000087804138        0x8 board/freescale/mx6ul_14x14_evk/built-in.o
                0x0000000087804138                power_init_board
 .text.dram_init
                0x0000000087804140       0x18 board/freescale/mx6ul_14x14_evk/built-in.o
                0x0000000087804140                dram_init
 .text.board_mmc_get_env_dev
                0x0000000087804158       0x24 board/freescale/mx6ul_14x14_evk/built-in.o
                0x0000000087804158                board_mmc_get_env_dev
 .text.mmc_map_to_kernel_blk
                0x000000008780417c       0x24 board/freescale/mx6ul_14x14_evk/built-in.o
                0x000000008780417c                mmc_map_to_kernel_blk
 .text.board_mmc_getcd
                0x00000000878041a0       0x80 board/freescale/mx6ul_14x14_evk/built-in.o
                0x00000000878041a0                board_mmc_getcd
 .text.board_mmc_init
                0x0000000087804220       0xdc board/freescale/mx6ul_14x14_evk/built-in.o
                0x0000000087804220                board_mmc_init
 .text.board_usb_phy_mode
                0x00000000878042fc       0x14 board/freescale/mx6ul_14x14_evk/built-in.o
                0x00000000878042fc                board_usb_phy_mode
 .text.board_ehci_hcd_init
                0x0000000087804310       0x28 board/freescale/mx6ul_14x14_evk/built-in.o
                0x0000000087804310                board_ehci_hcd_init
 .text.board_eth_init
                0x0000000087804338       0x34 board/freescale/mx6ul_14x14_evk/built-in.o
                0x0000000087804338                board_eth_init
 .text.board_phy_config
                0x000000008780436c       0x4c board/freescale/mx6ul_14x14_evk/built-in.o
                0x000000008780436c                board_phy_config
 .text.board_early_init_f
                0x00000000878043b8       0x1c board/freescale/mx6ul_14x14_evk/built-in.o
                0x00000000878043b8                board_early_init_f
 .text.board_init
                0x00000000878043d4      0x1a8 board/freescale/mx6ul_14x14_evk/built-in.o
                0x00000000878043d4                board_init
 .text.board_late_init
                0x000000008780457c       0x50 board/freescale/mx6ul_14x14_evk/built-in.o
                0x000000008780457c                board_late_init
 .text.checkboard
                0x00000000878045cc       0x18 board/freescale/mx6ul_14x14_evk/built-in.o
                0x00000000878045cc                checkboard
 .text.do_go_exec
                0x00000000878045e4       0x10 cmd/built-in.o
                0x00000000878045e4                do_go_exec
 .text.do_go    0x00000000878045f4       0x6c cmd/built-in.o
 .text.do_bootm
                0x0000000087804660      0x10c cmd/built-in.o
                0x0000000087804660                do_bootm
 .text.do_bootd
                0x000000008780476c       0x20 cmd/built-in.o
                0x000000008780476c                do_bootd
 .text.image_info
                0x000000008780478c       0xcc cmd/built-in.o
 .text.do_iminfo
                0x0000000087804858       0x5c cmd/built-in.o
 .text.bootm_maybe_autostart
                0x00000000878048b4       0x78 cmd/built-in.o
                0x00000000878048b4                bootm_maybe_autostart
 .text.do_bootz
                0x000000008780492c       0xf8 cmd/built-in.o
                0x000000008780492c                do_bootz
 .text.do_help  0x0000000087804a24       0x44 cmd/built-in.o
 .text.do_version
                0x0000000087804a68       0x38 cmd/built-in.o
 .text.source   0x0000000087804aa0       0xd8 cmd/built-in.o
                0x0000000087804aa0                source
 .text.do_source
                0x0000000087804b78       0x48 cmd/built-in.o
 .text.print_num
                0x0000000087804bc0       0x14 cmd/built-in.o
 .text.do_bdinfo
                0x0000000087804bd4      0x190 cmd/built-in.o
 .text.do_bmp   0x0000000087804d64       0x58 cmd/built-in.o
 .text.do_bmp_info
                0x0000000087804dbc      0x10c cmd/built-in.o
 .text.bmp_display
                0x0000000087804ec8       0x50 cmd/built-in.o
                0x0000000087804ec8                bmp_display
 .text.do_bmp_display
                0x0000000087804f18       0xbc cmd/built-in.o
 .text.parse_argv
                0x0000000087804fd4       0x64 cmd/built-in.o
 .text.do_icache
                0x0000000087805038       0x88 cmd/built-in.o
 .text.do_dcache
                0x00000000878050c0       0x88 cmd/built-in.o
 .text.do_coninfo
                0x0000000087805148       0xb0 cmd/built-in.o
 .text.do_echo  0x00000000878051f8       0xb0 cmd/built-in.o
 .text.load_elf_image_shdr
                0x00000000878052a8       0x8c cmd/built-in.o
 .text.valid_elf_image
                0x0000000087805334       0x4c cmd/built-in.o
                0x0000000087805334                valid_elf_image
 .text.do_bootelf
                0x0000000087805380      0x1b0 cmd/built-in.o
                0x0000000087805380                do_bootelf
 .text.do_bootvx
                0x0000000087805530      0x330 cmd/built-in.o
                0x0000000087805530                do_bootvx
 .text.do_exit  0x0000000087805860       0x3c cmd/built-in.o
 .text.do_ext4_size
                0x000000008780589c       0x18 cmd/built-in.o
                0x000000008780589c                do_ext4_size
 .text.do_ext4_load
                0x00000000878058b4       0x18 cmd/built-in.o
                0x00000000878058b4                do_ext4_load
 .text.do_ext4_ls
                0x00000000878058cc       0x18 cmd/built-in.o
                0x00000000878058cc                do_ext4_ls
 .text.do_ext4_write
                0x00000000878058e4       0x18 cmd/built-in.o
                0x00000000878058e4                do_ext4_write
 .text.do_ext2load
                0x00000000878058fc       0x18 cmd/built-in.o
                0x00000000878058fc                do_ext2load
 .text.do_ext2ls
                0x0000000087805914       0x18 cmd/built-in.o
 .text.do_fat_size
                0x000000008780592c       0x18 cmd/built-in.o
                0x000000008780592c                do_fat_size
 .text.do_fat_fsload
                0x0000000087805944       0x18 cmd/built-in.o
                0x0000000087805944                do_fat_fsload
 .text.do_fat_ls
                0x000000008780595c       0x18 cmd/built-in.o
 .text.do_fat_fsinfo
                0x0000000087805974       0x90 cmd/built-in.o
 .text.fdt_valid
                0x0000000087805a04       0xbc cmd/built-in.o
 .text.is_printable_string
                0x0000000087805ac0       0x9c cmd/built-in.o
 .text.print_data
                0x0000000087805b5c      0x174 cmd/built-in.o
 .text.set_working_fdt_addr
                0x0000000087805cd0       0x1c cmd/built-in.o
                0x0000000087805cd0                set_working_fdt_addr
 .text.do_fdt   0x0000000087805cec      0xea0 cmd/built-in.o
 .text.do_flerase
                0x0000000087806b8c        0x8 cmd/built-in.o
 .text.do_protect
                0x0000000087806b94       0x10 cmd/built-in.o
 .text.do_flinfo
                0x0000000087806ba4        0x8 cmd/built-in.o
 .text.do_size_wrapper
                0x0000000087806bac       0x18 cmd/built-in.o
 .text.do_load_wrapper
                0x0000000087806bc4       0x18 cmd/built-in.o
 .text.do_save_wrapper
                0x0000000087806bdc       0x18 cmd/built-in.o
 .text.do_ls_wrapper
                0x0000000087806bf4       0x18 cmd/built-in.o
 .text.do_fstype_wrapper
                0x0000000087806c0c        0x4 cmd/built-in.o
 .text.strtou32
                0x0000000087806c10       0x44 cmd/built-in.o
 .text.do_fuse  0x0000000087806c54      0x358 cmd/built-in.o
 .text.name_to_gpio
                0x0000000087806fac        0xc cmd/built-in.o
                0x0000000087806fac                name_to_gpio
 .text.do_gpio  0x0000000087806fb8      0x154 cmd/built-in.o
 .text.do_i2c   0x000000008780710c       0x68 cmd/built-in.o
 .text.do_i2c_bus_speed
                0x0000000087807174       0x78 cmd/built-in.o
 .text.do_i2c_reset
                0x00000000878071ec       0x2c cmd/built-in.o
 .text.do_i2c_probe
                0x0000000087807218       0x9c cmd/built-in.o
 .text.do_i2c_bus_num
                0x00000000878072b4       0xb8 cmd/built-in.o
 .text.do_i2c_show_bus
                0x000000008780736c       0xd0 cmd/built-in.o
 .text.get_alen.constprop.5
                0x000000008780743c       0x3c cmd/built-in.o
 .text.do_i2c_crc
                0x0000000087807478      0x120 cmd/built-in.o
 .text.mod_i2c_mem.isra.3
                0x0000000087807598      0x1f0 cmd/built-in.o
 .text.do_i2c_nm
                0x0000000087807788        0x8 cmd/built-in.o
 .text.do_i2c_mm
                0x0000000087807790        0x8 cmd/built-in.o
 .text.do_i2c_md
                0x0000000087807798      0x1e4 cmd/built-in.o
 .text.do_i2c_read
                0x000000008780797c       0xbc cmd/built-in.o
 .text.do_i2c_mw
                0x0000000087807a38       0xfc cmd/built-in.o
 .text.do_i2c_write
                0x0000000087807b34      0x14c cmd/built-in.o
 .text.do_i2c_loop
                0x0000000087807c80       0xe4 cmd/built-in.o
 .text.i2c_init_board
                0x0000000087807d64        0x4 cmd/built-in.o
                0x0000000087807d64                i2c_init_board
 .text.evalexp  0x0000000087807d68       0x78 cmd/built-in.o
 .text.evalstr  0x0000000087807de0       0x6c cmd/built-in.o
 .text.binary_test
                0x0000000087807e4c      0x1c0 cmd/built-in.o
 .text.do_itest
                0x000000008780800c       0x88 cmd/built-in.o
 .text.bin_data_init
                0x0000000087808094       0x2c cmd/built-in.o
 .text.k_data_save
                0x00000000878080c0       0x4c cmd/built-in.o
 .text.k_data_restore
                0x000000008780810c       0x4c cmd/built-in.o
 .text.getcxmodem
                0x0000000087808158       0x20 cmd/built-in.o
 .text.load_serial_ymodem
                0x0000000087808178       0xcc cmd/built-in.o
 .text.bin_data_char
                0x0000000087808244       0x2c cmd/built-in.o
 .text.chk1.constprop.1
                0x0000000087808270       0x2c cmd/built-in.o
 .text.s1_sendpacket.constprop.2
                0x000000008780829c       0x50 cmd/built-in.o
 .text.load_serial
                0x00000000878082ec      0x1f0 cmd/built-in.o
 .text.do_load_serial
                0x00000000878084dc       0xdc cmd/built-in.o
 .text.do_load_serial_bin
                0x00000000878085b8      0x7a8 cmd/built-in.o
 .text.do_mem_mw
                0x0000000087808d60       0xc0 cmd/built-in.o
 .text.do_mem_loop
                0x0000000087808e20       0xec cmd/built-in.o
 .text.do_mem_md
                0x0000000087808f0c       0xe4 cmd/built-in.o
 .text.do_mem_cmp
                0x0000000087808ff0      0x168 cmd/built-in.o
 .text.do_mem_base
                0x0000000087809158       0x40 cmd/built-in.o
 .text.do_mem_cp
                0x0000000087809198       0xd8 cmd/built-in.o
 .text.do_mem_crc
                0x0000000087809270       0x48 cmd/built-in.o
 .text.do_mem_mtest
                0x00000000878092b8      0x224 cmd/built-in.o
 .text.mod_mem.isra.0
                0x00000000878094dc      0x16c cmd/built-in.o
 .text.do_mem_mm
                0x0000000087809648        0x8 cmd/built-in.o
 .text.do_mem_nm
                0x0000000087809650        0x8 cmd/built-in.o
 .text.do_sleep
                0x0000000087809658       0x70 cmd/built-in.o
 .text.do_mmcops
                0x00000000878096c8       0xb8 cmd/built-in.o
 .text.init_mmc_device
                0x0000000087809780       0x54 cmd/built-in.o
 .text.do_mmc_rescan
                0x00000000878097d4       0x24 cmd/built-in.o
 .text.do_mmc_rst_func
                0x00000000878097f8       0xa0 cmd/built-in.o
 .text.do_mmc_partconf
                0x0000000087809898       0xb4 cmd/built-in.o
 .text.do_mmc_boot_resize
                0x000000008780994c       0xcc cmd/built-in.o
 .text.do_mmc_bootbus
                0x0000000087809a18       0xb4 cmd/built-in.o
 .text.do_mmc_hwpartition
                0x0000000087809acc      0x510 cmd/built-in.o
 .text.do_mmc_list
                0x0000000087809fdc       0x14 cmd/built-in.o
 .text.do_mmc_dev
                0x0000000087809ff0      0x134 cmd/built-in.o
 .text.do_mmc_part
                0x000000008780a124       0x5c cmd/built-in.o
 .text.do_mmc_erase
                0x000000008780a180       0xe8 cmd/built-in.o
 .text.do_mmc_write
                0x000000008780a268      0x100 cmd/built-in.o
 .text.do_mmc_read
                0x000000008780a368       0xec cmd/built-in.o
 .text.do_mmcinfo
                0x000000008780a454      0x370 cmd/built-in.o
 .text.do_mmc_setdsr
                0x000000008780a7c4       0xb0 cmd/built-in.o
 .text.netboot_common
                0x000000008780a874      0x294 cmd/built-in.o
 .text.do_bootp
                0x000000008780ab08        0xc cmd/built-in.o
 .text.do_dhcp  0x000000008780ab14        0xc cmd/built-in.o
 .text.do_nfs   0x000000008780ab20        0xc cmd/built-in.o
 .text.do_tftpb
                0x000000008780ab2c       0x40 cmd/built-in.o
                0x000000008780ab2c                do_tftpb
 .text.do_ping  0x000000008780ab6c       0x78 cmd/built-in.o
 .text.bytes_per_second
                0x000000008780abe4       0x50 cmd/built-in.o
 .text.do_spi_flash
                0x000000008780ac34      0x868 cmd/built-in.o
 .text.substitute
                0x000000008780b49c       0xf0 cmd/built-in.o
 .text.get_arg  0x000000008780b58c       0x58 cmd/built-in.o
 .text.regex_sub
                0x000000008780b5e4      0x450 cmd/built-in.o
 .text.do_setexpr
                0x000000008780ba34      0x1a0 cmd/built-in.o
 .text.do_false
                0x000000008780bbd4        0x8 cmd/built-in.o
 .text.do_true  0x000000008780bbdc        0x8 cmd/built-in.o
 .text.do_test  0x000000008780bbe4      0x338 cmd/built-in.o
 .text.usb_get_class_desc
                0x000000008780bf1c       0xbc cmd/built-in.o
 .text.usb_find_device
                0x000000008780bfd8       0x3c cmd/built-in.o
 .text.usb_show_tree_graph
                0x000000008780c014      0x228 cmd/built-in.o
 .text.usb_display_class_sub
                0x000000008780c23c      0x170 cmd/built-in.o
 .text.usb_display_string
                0x000000008780c3ac       0x44 cmd/built-in.o
 .text.usb_display_config
                0x000000008780c3f0      0x20c cmd/built-in.o
 .text.do_usbboot
                0x000000008780c5fc        0xc cmd/built-in.o
 .text.usb_display_desc.part.1
                0x000000008780c608      0x12c cmd/built-in.o
 .text.do_usb_start
                0x000000008780c734       0x38 cmd/built-in.o
 .text.usb_show_tree
                0x000000008780c76c       0x54 cmd/built-in.o
                0x000000008780c76c                usb_show_tree
 .text.do_usb   0x000000008780c7c0      0x750 cmd/built-in.o
 .text.do_imgextract
                0x000000008780cf10      0x290 cmd/built-in.o
 .text.do_env_delete
                0x000000008780d1a0       0x9c cmd/built-in.o
 .text.do_env_exists
                0x000000008780d23c       0x64 cmd/built-in.o
 .text.do_env_save
                0x000000008780d2a0       0x2c cmd/built-in.o
 .text.do_env   0x000000008780d2cc       0x68 cmd/built-in.o
 .text.env_print
                0x000000008780d334       0xc0 cmd/built-in.o
 .text.do_env_print
                0x000000008780d3f4       0xc4 cmd/built-in.o
 .text.do_env_import
                0x000000008780d4b8      0x284 cmd/built-in.o
 .text.do_env_default
                0x000000008780d73c       0xa8 cmd/built-in.o
 .text._do_env_set.isra.0
                0x000000008780d7e4      0x1bc cmd/built-in.o
 .text.do_env_set
                0x000000008780d9a0       0x20 cmd/built-in.o
 .text.get_env_id
                0x000000008780d9c0       0x10 cmd/built-in.o
                0x000000008780d9c0                get_env_id
 .text.setenv   0x000000008780d9d0       0x60 cmd/built-in.o
                0x000000008780d9d0                setenv
 .text.setenv_ulong
                0x000000008780da30       0x20 cmd/built-in.o
                0x000000008780da30                setenv_ulong
 .text.setenv_hex
                0x000000008780da50       0x34 cmd/built-in.o
                0x000000008780da50                setenv_hex
 .text.do_env_export
                0x000000008780da84      0x258 cmd/built-in.o
 .text.envmatch
                0x000000008780dcdc       0x6c cmd/built-in.o
                0x000000008780dcdc                envmatch
 .text.getenv_f
                0x000000008780dd48       0xc0 cmd/built-in.o
                0x000000008780dd48                getenv_f
 .text.getenv   0x000000008780de08       0x78 cmd/built-in.o
                0x000000008780de08                getenv
 .text.getenv_hex
                0x000000008780de80       0x3c cmd/built-in.o
                0x000000008780de80                getenv_hex
 .text.getenv_ulong
                0x000000008780debc       0x30 cmd/built-in.o
                0x000000008780debc                getenv_ulong
 .text.do_env_edit.part.2
                0x000000008780deec       0xa4 cmd/built-in.o
 .text.do_env_edit
                0x000000008780df90       0x2c cmd/built-in.o
 .text.common_diskboot
                0x000000008780dfbc      0x238 cmd/built-in.o
                0x000000008780dfbc                common_diskboot
 .text.board_init_f_alloc_reserve
                0x000000008780e1f4       0x10 common/built-in.o
                0x000000008780e1f4                board_init_f_alloc_reserve
 .text.board_init_f_init_reserve
                0x000000008780e204       0x20 common/built-in.o
                0x000000008780e204                board_init_f_init_reserve
 .text.show_boot_progress
                0x000000008780e224        0x4 common/built-in.o
                0x000000008780e224                show_boot_progress
 .text.main_loop
                0x000000008780e228       0x20 common/built-in.o
                0x000000008780e228                main_loop
 .text.dummy    0x000000008780e248        0x4 common/built-in.o
 .text.get_version
                0x000000008780e24c        0x8 common/built-in.o
                0x000000008780e24c                get_version
 .text.jumptable_init
                0x000000008780e254      0x1e0 common/built-in.o
                0x000000008780e254                jumptable_init
 .text.hash_command
                0x000000008780e434       0xb4 common/built-in.o
                0x000000008780e434                hash_command
 .text.b_reset  0x000000008780e4e8       0x1c common/built-in.o
 .text.static_get
                0x000000008780e504       0x1c common/built-in.o
 .text.file_peek
                0x000000008780e520        0xc common/built-in.o
 .text.mapset   0x000000008780e52c       0x20 common/built-in.o
 .text.syntax_err
                0x000000008780e54c        0xc common/built-in.o
 .text.free_pipe_list
                0x000000008780e558       0xf4 common/built-in.o
 .text.xmalloc  0x000000008780e64c       0x20 common/built-in.o
 .text.new_pipe
                0x000000008780e66c       0x28 common/built-in.o
 .text.xrealloc
                0x000000008780e694       0x20 common/built-in.o
 .text.done_command
                0x000000008780e6b4       0x88 common/built-in.o
 .text.done_pipe
                0x000000008780e73c       0x48 common/built-in.o
 .text.done_word
                0x000000008780e784      0x2e4 common/built-in.o
 .text.do_showvar
                0x000000008780ea68       0xf4 common/built-in.o
 .text.is_assignment
                0x000000008780eb5c       0x5c common/built-in.o
 .text.file_get
                0x000000008780ebb8      0x1f0 common/built-in.o
 .text.b_addchr
                0x000000008780eda8       0x80 common/built-in.o
 .text.b_addqchr
                0x000000008780ee28       0x50 common/built-in.o
 .text.static_peek
                0x000000008780ee78        0xc common/built-in.o
 .text.get_local_var
                0x000000008780ee84       0xa0 common/built-in.o
                0x000000008780ee84                get_local_var
 .text.set_local_var
                0x000000008780ef24      0x1bc common/built-in.o
                0x000000008780ef24                set_local_var
 .text.insert_var_value_sub
                0x000000008780f0e0      0x2c0 common/built-in.o
 .text.parse_string_outer
                0x000000008780f3a0       0xe4 common/built-in.o
                0x000000008780f3a0                parse_string_outer
 .text.run_list_real
                0x000000008780f484      0x7b8 common/built-in.o
 .text.parse_stream_outer
                0x000000008780fc3c      0x6d0 common/built-in.o
 .text.parse_file_outer
                0x000000008781030c       0x44 common/built-in.o
                0x000000008781030c                parse_file_outer
 .text.u_boot_hush_start
                0x0000000087810350       0x54 common/built-in.o
                0x0000000087810350                u_boot_hush_start
 .text.bootdelay_process
                0x00000000878103a4       0xd0 common/built-in.o
                0x00000000878103a4                bootdelay_process
 .text.autoboot_command
                0x0000000087810474       0xd0 common/built-in.o
                0x0000000087810474                autoboot_command
 .text.setup_mon_len
                0x0000000087810544       0x20 common/built-in.o
 .text.reserve_round_4k
                0x0000000087810564       0x18 common/built-in.o
 .text.reserve_mmu
                0x000000008781057c       0x38 common/built-in.o
 .text.reserve_uboot
                0x00000000878105b4       0x30 common/built-in.o
 .text.reserve_malloc
                0x00000000878105e4       0x18 common/built-in.o
 .text.reserve_global_data
                0x00000000878105fc       0x1c common/built-in.o
 .text.reserve_fdt
                0x0000000087810618       0x4c common/built-in.o
 .text.initf_console_record
                0x0000000087810664        0x8 common/built-in.o
 .text.arch_cpu_init_dm
                0x000000008781066c        0x8 common/built-in.o
                0x000000008781066c                arch_cpu_init_dm
 .text.announce_dram_init
                0x0000000087810674       0x18 common/built-in.o
 .text.init_func_i2c
                0x000000008781068c       0x28 common/built-in.o
 .text.init_baud_rate
                0x00000000878106b4       0x2c common/built-in.o
 .text.mark_bootstage
                0x00000000878106e0       0x14 common/built-in.o
 .text.initf_dm
                0x00000000878106f4        0x8 common/built-in.o
 .text.setup_reloc
                0x00000000878106fc       0x40 common/built-in.o
 .text.reloc_fdt
                0x000000008781073c       0x44 common/built-in.o
 .text.reserve_board
                0x0000000087810780       0x40 common/built-in.o
 .text.reserve_arch
                0x00000000878107c0        0x8 common/built-in.o
                0x00000000878107c0                reserve_arch
 .text.display_text_info
                0x00000000878107c8        0x8 common/built-in.o
 .text.reserve_trace
                0x00000000878107d0        0x8 common/built-in.o
 .text.setup_machine
                0x00000000878107d8        0x8 common/built-in.o
 .text.display_new_sp
                0x00000000878107e0        0x8 common/built-in.o
 .text.coloured_LED_init
                0x00000000878107e8        0x4 common/built-in.o
                0x00000000878107e8                coloured_LED_init
 .text.red_led_on
                0x00000000878107ec        0x4 common/built-in.o
                0x00000000878107ec                red_led_on
 .text.board_add_ram_info
                0x00000000878107f0        0x4 common/built-in.o
                0x00000000878107f0                board_add_ram_info
 .text.show_dram_config
                0x00000000878107f4       0x38 common/built-in.o
 .text.dram_init_banksize
                0x000000008781082c       0x20 common/built-in.o
                0x000000008781082c                dram_init_banksize
 .text.setup_dram_config
                0x000000008781084c       0x10 common/built-in.o
 .text.board_get_usable_ram_top
                0x000000008781085c       0x14 common/built-in.o
                0x000000008781085c                board_get_usable_ram_top
 .text.board_reserve_ram_top
                0x0000000087810870        0x4 common/built-in.o
                0x0000000087810870                board_reserve_ram_top
 .text.setup_dest_addr
                0x0000000087810874       0x4c common/built-in.o
 .text.reserve_stacks
                0x00000000878108c0       0x1c common/built-in.o
 .text.board_init_f
                0x00000000878108dc       0x28 common/built-in.o
                0x00000000878108dc                board_init_f
 .text.bootstage_relocate
                0x0000000087810904        0x8 common/built-in.o
 .text.initr_reloc
                0x000000008781090c       0x18 common/built-in.o
 .text.initr_reloc_global_data
                0x0000000087810924       0x28 common/built-in.o
 .text.initr_announce
                0x000000008781094c        0x8 common/built-in.o
 .text.run_main_loop
                0x0000000087810954        0xc common/built-in.o
 .text.initr_net
                0x0000000087810960       0x1c common/built-in.o
 .text.initr_ethaddr
                0x000000008781097c       0x20 common/built-in.o
 .text.initr_enable_interrupts
                0x000000008781099c       0x10 common/built-in.o
 .text.initr_jumptable
                0x00000000878109ac       0x10 common/built-in.o
 .text.initr_env
                0x00000000878109bc       0x30 common/built-in.o
 .text.initr_mmc
                0x00000000878109ec       0x20 common/built-in.o
 .text.initr_serial
                0x0000000087810a0c       0x10 common/built-in.o
 .text.initr_bootstage
                0x0000000087810a1c       0x14 common/built-in.o
 .text.initr_dm
                0x0000000087810a30       0x14 common/built-in.o
 .text.initr_malloc
                0x0000000087810a44       0x24 common/built-in.o
 .text.initr_caches
                0x0000000087810a68       0x10 common/built-in.o
 .text.initr_console_record
                0x0000000087810a78        0x8 common/built-in.o
 .text.initr_trace
                0x0000000087810a80        0x8 common/built-in.o
 .text.initr_barrier
                0x0000000087810a88        0x8 common/built-in.o
 .text.cpu_secondary_init_r
                0x0000000087810a90        0x4 common/built-in.o
                0x0000000087810a90                cpu_secondary_init_r
 .text.initr_secondary_cpu
                0x0000000087810a94       0x10 common/built-in.o
 .text.board_init_r
                0x0000000087810aa4       0x14 common/built-in.o
                0x0000000087810aa4                board_init_r
 .text.show_board_info
                0x0000000087810ab8        0x4 common/built-in.o
                0x0000000087810ab8                show_board_info
 .text.bootm_find_images
                0x0000000087810abc       0xa8 common/built-in.o
                0x0000000087810abc                bootm_find_images
 .text.bootm_decomp_image
                0x0000000087810b64      0x14c common/built-in.o
                0x0000000087810b64                bootm_decomp_image
 .text.bootm_disable_interrupts
                0x0000000087810cb0       0x18 common/built-in.o
                0x0000000087810cb0                bootm_disable_interrupts
 .text.do_bootm_states
                0x0000000087810cc8      0x750 common/built-in.o
                0x0000000087810cc8                do_bootm_states
 .text.copy_args
                0x0000000087811418       0x50 common/built-in.o
 .text.do_bootm_rtems
                0x0000000087811468       0x40 common/built-in.o
 .text.do_bootm_plan9
                0x00000000878114a8       0xa4 common/built-in.o
 .text.do_bootm_standalone
                0x000000008781154c       0x64 common/built-in.o
 .text.do_bootm_qnxelf
                0x00000000878115b0       0x5c common/built-in.o
 .text.do_bootm_netbsd
                0x000000008781160c       0xf8 common/built-in.o
 .text.do_bootvx_fdt
                0x0000000087811704      0x118 common/built-in.o
                0x0000000087811704                do_bootvx_fdt
 .text.do_bootm_vxworks
                0x000000008781181c       0x24 common/built-in.o
 .text.boot_selected_os
                0x0000000087811840       0x58 common/built-in.o
                0x0000000087811840                boot_selected_os
 .text.bootm_os_get_boot_func
                0x0000000087811898       0x10 common/built-in.o
                0x0000000087811898                bootm_os_get_boot_func
 .text.regex_callback
                0x00000000878118a8      0x134 common/built-in.o
 .text.env_attr_walk
                0x00000000878119dc      0x128 common/built-in.o
                0x00000000878119dc                env_attr_walk
 .text.env_attr_lookup
                0x0000000087811b04       0x84 common/built-in.o
                0x0000000087811b04                env_attr_lookup
 .text.clear_callback
                0x0000000087811b88       0x10 common/built-in.o
 .text.find_env_callback
                0x0000000087811b98       0x64 common/built-in.o
 .text.on_callbacks
                0x0000000087811bfc       0x50 common/built-in.o
 .text.set_callback
                0x0000000087811c4c       0x98 common/built-in.o
 .text.env_callback_init
                0x0000000087811ce4       0xc4 common/built-in.o
                0x0000000087811ce4                env_callback_init
 .text.skip_num
                0x0000000087811da8       0x78 common/built-in.o
 .text.clear_flags
                0x0000000087811e20       0x10 common/built-in.o
 .text.on_flags
                0x0000000087811e30       0x50 common/built-in.o
 .text.env_flags_parse_vartype
                0x0000000087811e80       0x50 common/built-in.o
                0x0000000087811e80                env_flags_parse_vartype
 .text.env_flags_parse_varaccess
                0x0000000087811ed0       0x58 common/built-in.o
                0x0000000087811ed0                env_flags_parse_varaccess
 .text.set_flags
                0x0000000087811f28       0xb0 common/built-in.o
 .text.eth_validate_ethaddr_str
                0x0000000087811fd8       0x94 common/built-in.o
                0x0000000087811fd8                eth_validate_ethaddr_str
 .text.env_flags_init
                0x000000008781206c       0xd8 common/built-in.o
                0x000000008781206c                env_flags_init
 .text.env_flags_validate
                0x0000000087812144      0x2b8 common/built-in.o
                0x0000000087812144                env_flags_validate
 .text.mmc_get_env_addr
                0x00000000878123fc       0x10 common/built-in.o
                0x00000000878123fc                mmc_get_env_addr
 .text.fini_mmc_for_env.isra.0
                0x000000008781240c       0x1c common/built-in.o
 .text.env_init
                0x0000000087812428       0x1c common/built-in.o
                0x0000000087812428                env_init
 .text.init_mmc_for_env
                0x0000000087812444       0x78 common/built-in.o
 .text.saveenv  0x00000000878124bc      0x114 common/built-in.o
                0x00000000878124bc                saveenv
 .text.env_relocate_spec
                0x00000000878125d0       0xe0 common/built-in.o
                0x00000000878125d0                env_relocate_spec
 .text.fdt_find_and_setprop
                0x00000000878126b0       0x70 common/built-in.o
                0x00000000878126b0                fdt_find_and_setprop
 .text.fdt_find_or_add_subnode
                0x0000000087812720       0x60 common/built-in.o
                0x0000000087812720                fdt_find_or_add_subnode
 .text.fdt_root
                0x0000000087812780       0x90 common/built-in.o
                0x0000000087812780                fdt_root
 .text.fdt_initrd
                0x0000000087812810      0x1cc common/built-in.o
                0x0000000087812810                fdt_initrd
 .text.fdt_chosen
                0x00000000878129dc       0xa8 common/built-in.o
                0x00000000878129dc                fdt_chosen
 .text.do_fixup_by_path
                0x0000000087812a84       0x54 common/built-in.o
                0x0000000087812a84                do_fixup_by_path
 .text.fdt_fixup_memory_banks
                0x0000000087812ad8      0x1b0 common/built-in.o
                0x0000000087812ad8                fdt_fixup_memory_banks
 .text.fdt_fixup_memory
                0x0000000087812c88       0x20 common/built-in.o
                0x0000000087812c88                fdt_fixup_memory
 .text.fdt_fixup_ethernet
                0x0000000087812ca8      0x174 common/built-in.o
                0x0000000087812ca8                fdt_fixup_ethernet
 .text.fdt_shrink_to_minimum
                0x0000000087812e1c       0xcc common/built-in.o
                0x0000000087812e1c                fdt_shrink_to_minimum
 .text.fdt_increase_size
                0x0000000087812ee8       0x14 common/built-in.o
                0x0000000087812ee8                fdt_increase_size
 .text.miiphy_get_dev_by_name
                0x0000000087812efc       0x60 common/built-in.o
                0x0000000087812efc                miiphy_get_dev_by_name
 .text.miiphy_init
                0x0000000087812f5c       0x24 common/built-in.o
                0x0000000087812f5c                miiphy_init
 .text.mdio_alloc
                0x0000000087812f80       0x30 common/built-in.o
                0x0000000087812f80                mdio_alloc
 .text.mdio_register
                0x0000000087812fb0       0x94 common/built-in.o
                0x0000000087812fb0                mdio_register
 .text.mdio_unregister
                0x0000000087813044       0x3c common/built-in.o
                0x0000000087813044                mdio_unregister
 .text.usb_set_maxpacket_ep
                0x0000000087813080       0x70 common/built-in.o
 .text.usb_stop
                0x00000000878130f0       0x80 common/built-in.o
                0x00000000878130f0                usb_stop
 .text.usb_disable_asynch
                0x0000000087813170       0x20 common/built-in.o
                0x0000000087813170                usb_disable_asynch
 .text.usb_control_msg
                0x0000000087813190       0xc0 common/built-in.o
                0x0000000087813190                usb_control_msg
 .text.usb_get_descriptor
                0x0000000087813250       0x58 common/built-in.o
 .text.get_descriptor_len
                0x00000000878132a8       0x90 common/built-in.o
 .text.usb_get_string
                0x0000000087813338       0x70 common/built-in.o
 .text.usb_string_sub
                0x00000000878133a8      0x108 common/built-in.o
 .text.usb_bulk_msg
                0x00000000878134b0       0x70 common/built-in.o
                0x00000000878134b0                usb_bulk_msg
 .text.usb_maxpacket
                0x0000000087813520       0x1c common/built-in.o
                0x0000000087813520                usb_maxpacket
 .text.usb_clear_halt
                0x000000008781353c       0x90 common/built-in.o
                0x000000008781353c                usb_clear_halt
 .text.usb_get_configuration_len
                0x00000000878135cc       0x74 common/built-in.o
                0x00000000878135cc                usb_get_configuration_len
 .text.usb_get_configuration_no
                0x0000000087813640       0x34 common/built-in.o
                0x0000000087813640                usb_get_configuration_no
 .text.usb_set_interface
                0x0000000087813674       0xb4 common/built-in.o
                0x0000000087813674                usb_set_interface
 .text.usb_string
                0x0000000087813728      0x100 common/built-in.o
                0x0000000087813728                usb_string
 .text.usb_get_dev_index
                0x0000000087813828       0x24 common/built-in.o
                0x0000000087813828                usb_get_dev_index
 .text.usb_alloc_new_device
                0x000000008781384c       0x9c common/built-in.o
                0x000000008781384c                usb_alloc_new_device
 .text.usb_free_device
                0x00000000878138e8       0x48 common/built-in.o
                0x00000000878138e8                usb_free_device
 .text.usb_alloc_device
                0x0000000087813930        0x8 common/built-in.o
                0x0000000087813930                usb_alloc_device
 .text.usb_select_config
                0x0000000087813938      0x458 common/built-in.o
                0x0000000087813938                usb_select_config
 .text.usb_setup_device
                0x0000000087813d90      0x19c common/built-in.o
                0x0000000087813d90                usb_setup_device
 .text.usb_new_device
                0x0000000087813f2c       0x34 common/built-in.o
                0x0000000087813f2c                usb_new_device
 .text.usb_init
                0x0000000087813f60      0x168 common/built-in.o
                0x0000000087813f60                usb_init
 .text.usb_device_has_child_on_port
                0x00000000878140c8       0x14 common/built-in.o
                0x00000000878140c8                usb_device_has_child_on_port
 .text.usb_find_usb2_hub_address_port
                0x00000000878140dc       0x5c common/built-in.o
                0x00000000878140dc                usb_find_usb2_hub_address_port
 .text.usb_set_port_feature
                0x0000000087814138       0x4c common/built-in.o
 .text.usb_clear_port_feature
                0x0000000087814184       0x4c common/built-in.o
 .text.usb_get_hub_descriptor
                0x00000000878141d0       0x4c common/built-in.o
 .text.usb_hub_power_on
                0x000000008781421c       0x6c common/built-in.o
 .text.usb_hub_reset_devices
                0x0000000087814288        0x4 common/built-in.o
                0x0000000087814288                usb_hub_reset_devices
 .text.usb_get_port_status
                0x000000008781428c       0x4c common/built-in.o
                0x000000008781428c                usb_get_port_status
 .text.usb_hub_reset
                0x00000000878142d8       0x14 common/built-in.o
                0x00000000878142d8                usb_hub_reset
 .text.legacy_hub_port_reset
                0x00000000878142ec       0xa0 common/built-in.o
                0x00000000878142ec                legacy_hub_port_reset
 .text.usb_hub_port_connect_change
                0x000000008781438c      0x16c common/built-in.o
                0x000000008781438c                usb_hub_port_connect_change
 .text.usb_hub_configure
                0x00000000878144f8      0x2c8 common/built-in.o
 .text.usb_hub_probe
                0x00000000878147c0       0x54 common/built-in.o
                0x00000000878147c0                usb_hub_probe
 .text.usb_stor_irq
                0x0000000087814814       0x1c common/built-in.o
 .text.usb_stor_BBB_reset
                0x0000000087814830       0xd0 common/built-in.o
 .text.usb_stor_CB_reset
                0x0000000087814900       0xd0 common/built-in.o
 .text.usb_stor_BBB_clear_endpt_stall.isra.0
                0x00000000878149d0       0x40 common/built-in.o
 .text.usb_stor_BBB_transport
                0x0000000087814a10      0x25c common/built-in.o
 .text.usb_stor_CB_comdat
                0x0000000087814c6c      0x204 common/built-in.o
 .text.usb_stor_CBI_get_status.isra.2
                0x0000000087814e70       0xc8 common/built-in.o
 .text.usb_stor_CB_transport
                0x0000000087814f38      0x228 common/built-in.o
 .text.usb_request_sense.constprop.8
                0x0000000087815160       0x70 common/built-in.o
 .text.usb_stor_read
                0x00000000878151d0      0x188 common/built-in.o
 .text.usb_stor_write
                0x0000000087815358      0x188 common/built-in.o
 .text.usb_stor_get_dev
                0x00000000878154e0       0x28 common/built-in.o
                0x00000000878154e0                usb_stor_get_dev
 .text.usb_stor_info
                0x0000000087815508       0x74 common/built-in.o
                0x0000000087815508                usb_stor_info
 .text.usb_storage_probe
                0x000000008781557c      0x204 common/built-in.o
                0x000000008781557c                usb_storage_probe
 .text.usb_stor_get_info
                0x0000000087815780      0x31c common/built-in.o
                0x0000000087815780                usb_stor_get_info
 .text.usb_stor_scan
                0x0000000087815a9c      0x1f8 common/built-in.o
                0x0000000087815a9c                usb_stor_scan
 .text.splash_screen_prepare
                0x0000000087815c94        0x8 common/built-in.o
                0x0000000087815c94                splash_screen_prepare
 .text.splash_get_pos
                0x0000000087815c9c       0x88 common/built-in.o
                0x0000000087815c9c                splash_get_pos
 .text.env_get_char_spec
                0x0000000087815d24        0xc common/built-in.o
                0x0000000087815d24                env_get_char_spec
 .text.env_get_addr
                0x0000000087815d30       0x20 common/built-in.o
                0x0000000087815d30                env_get_addr
 .text.env_get_char_memory
                0x0000000087815d50       0x10 common/built-in.o
                0x0000000087815d50                env_get_char_memory
 .text.env_get_char
                0x0000000087815d60       0x30 common/built-in.o
                0x0000000087815d60                env_get_char
 .text.getenv_yesno
                0x0000000087815d90       0x40 common/built-in.o
                0x0000000087815d90                getenv_yesno
 .text.getenv_default
                0x0000000087815dd0       0x30 common/built-in.o
                0x0000000087815dd0                getenv_default
 .text.set_default_env
                0x0000000087815e00       0xc0 common/built-in.o
                0x0000000087815e00                set_default_env
 .text.set_default_vars
                0x0000000087815ec0       0x38 common/built-in.o
                0x0000000087815ec0                set_default_vars
 .text.env_import
                0x0000000087815ef8       0xdc common/built-in.o
                0x0000000087815ef8                env_import
 .text.env_export
                0x0000000087815fd4       0xa0 common/built-in.o
                0x0000000087815fd4                env_export
 .text.env_relocate
                0x0000000087816074       0x2c common/built-in.o
                0x0000000087816074                env_relocate
 .text.env_complete
                0x00000000878160a0       0xf0 common/built-in.o
                0x00000000878160a0                env_complete
 .text.console_setfile
                0x0000000087816190       0xc0 common/built-in.o
 .text.serial_printf
                0x0000000087816250       0x44 common/built-in.o
                0x0000000087816250                serial_printf
 .text.putc     0x0000000087816294       0x34 common/built-in.o
                0x0000000087816294                putc
 .text.puts     0x00000000878162c8       0x34 common/built-in.o
                0x00000000878162c8                puts
 .text.fgetc    0x00000000878162fc       0x24 common/built-in.o
                0x00000000878162fc                fgetc
 .text.getc     0x0000000087816320       0x24 common/built-in.o
                0x0000000087816320                getc
 .text.ftstc    0x0000000087816344       0x24 common/built-in.o
                0x0000000087816344                ftstc
 .text.tstc     0x0000000087816368       0x24 common/built-in.o
                0x0000000087816368                tstc
 .text.ctrlc    0x000000008781638c       0x58 common/built-in.o
                0x000000008781638c                ctrlc
 .text.confirm_yesno
                0x00000000878163e4       0xd4 common/built-in.o
                0x00000000878163e4                confirm_yesno
 .text.had_ctrlc
                0x00000000878164b8       0x10 common/built-in.o
                0x00000000878164b8                had_ctrlc
 .text.clear_ctrlc
                0x00000000878164c8       0x14 common/built-in.o
                0x00000000878164c8                clear_ctrlc
 .text.search_device
                0x00000000878164dc       0x28 common/built-in.o
                0x00000000878164dc                search_device
 .text.console_assign
                0x0000000087816504       0x48 common/built-in.o
                0x0000000087816504                console_assign
 .text.on_console
                0x000000008781654c       0xb8 common/built-in.o
 .text.console_init_f
                0x0000000087816604       0x10 common/built-in.o
                0x0000000087816604                console_init_f
 .text.stdio_print_current_devices
                0x0000000087816614       0xb0 common/built-in.o
                0x0000000087816614                stdio_print_current_devices
 .text.console_init_r
                0x00000000878166c4      0x180 common/built-in.o
                0x00000000878166c4                console_init_r
 .text.sbrk     0x0000000087816844       0x6c common/built-in.o
                0x0000000087816844                sbrk
 .text.mem_malloc_init
                0x00000000878168b0       0x34 common/built-in.o
                0x00000000878168b0                mem_malloc_init
 .text.malloc_trim
                0x00000000878168e4       0xcc common/built-in.o
                0x00000000878168e4                malloc_trim
 .text.free     0x00000000878169b0      0x24c common/built-in.o
                0x00000000878169b0                free
 .text.malloc   0x0000000087816bfc      0x628 common/built-in.o
                0x0000000087816bfc                malloc
 .text.calloc   0x0000000087817224      0x144 common/built-in.o
                0x0000000087817224                calloc
 .text.realloc  0x0000000087817368      0x4e0 common/built-in.o
                0x0000000087817368                realloc
 .text.memalign
                0x0000000087817848      0x140 common/built-in.o
                0x0000000087817848                memalign
 .text.initf_malloc
                0x0000000087817988       0x18 common/built-in.o
                0x0000000087817988                initf_malloc
 .text.malloc_simple
                0x00000000878179a0       0x30 common/built-in.o
                0x00000000878179a0                malloc_simple
 .text.on_loadaddr
                0x00000000878179d0       0x38 common/built-in.o
 .text.image_check_hcrc
                0x0000000087817a08       0x4c common/built-in.o
                0x0000000087817a08                image_check_hcrc
 .text.image_check_dcrc
                0x0000000087817a54       0x38 common/built-in.o
                0x0000000087817a54                image_check_dcrc
 .text.image_multi_count
                0x0000000087817a8c       0x1c common/built-in.o
                0x0000000087817a8c                image_multi_count
 .text.image_multi_getimg
                0x0000000087817aa8       0x80 common/built-in.o
                0x0000000087817aa8                image_multi_getimg
 .text.getenv_bootm_low
                0x0000000087817b28       0x30 common/built-in.o
                0x0000000087817b28                getenv_bootm_low
 .text.getenv_bootm_size
                0x0000000087817b58       0x68 common/built-in.o
                0x0000000087817b58                getenv_bootm_size
 .text.getenv_bootm_mapsize
                0x0000000087817bc0       0x30 common/built-in.o
                0x0000000087817bc0                getenv_bootm_mapsize
 .text.memmove_wd
                0x0000000087817bf0        0xc common/built-in.o
                0x0000000087817bf0                memmove_wd
 .text.genimg_print_size
                0x0000000087817bfc       0x30 common/built-in.o
                0x0000000087817bfc                genimg_print_size
 .text.get_table_entry
                0x0000000087817c2c       0x24 common/built-in.o
                0x0000000087817c2c                get_table_entry
 .text.get_table_entry_name
                0x0000000087817c50       0x20 common/built-in.o
                0x0000000087817c50                get_table_entry_name
 .text.genimg_get_os_name
                0x0000000087817c70       0x18 common/built-in.o
                0x0000000087817c70                genimg_get_os_name
 .text.genimg_get_arch_name
                0x0000000087817c88       0x18 common/built-in.o
                0x0000000087817c88                genimg_get_arch_name
 .text.genimg_get_type_name
                0x0000000087817ca0       0x18 common/built-in.o
                0x0000000087817ca0                genimg_get_type_name
 .text.genimg_get_comp_name
                0x0000000087817cb8       0x18 common/built-in.o
                0x0000000087817cb8                genimg_get_comp_name
 .text.image_print_contents
                0x0000000087817cd0      0x178 common/built-in.o
                0x0000000087817cd0                image_print_contents
 .text.genimg_get_kernel_addr_fit
                0x0000000087817e48       0x24 common/built-in.o
                0x0000000087817e48                genimg_get_kernel_addr_fit
 .text.genimg_get_format
                0x0000000087817e6c       0x34 common/built-in.o
                0x0000000087817e6c                genimg_get_format
 .text.genimg_get_image
                0x0000000087817ea0        0x4 common/built-in.o
                0x0000000087817ea0                genimg_get_image
 .text.genimg_has_config
                0x0000000087817ea4        0x8 common/built-in.o
                0x0000000087817ea4                genimg_has_config
 .text.boot_get_ramdisk
                0x0000000087817eac      0x274 common/built-in.o
                0x0000000087817eac                boot_get_ramdisk
 .text.boot_ramdisk_high
                0x0000000087818120      0x138 common/built-in.o
                0x0000000087818120                boot_ramdisk_high
 .text.boot_get_setup
                0x0000000087818258        0x8 common/built-in.o
                0x0000000087818258                boot_get_setup
 .text.image_setup_linux
                0x0000000087818260       0x8c common/built-in.o
                0x0000000087818260                image_setup_linux
 .text.fdt_error
                0x00000000878182ec       0x2c common/built-in.o
 .text.boot_fdt_add_mem_rsv_regions
                0x0000000087818318       0x88 common/built-in.o
                0x0000000087818318                boot_fdt_add_mem_rsv_regions
 .text.boot_relocate_fdt
                0x00000000878183a0      0x198 common/built-in.o
                0x00000000878183a0                boot_relocate_fdt
 .text.boot_get_fdt
                0x0000000087818538      0x2ac common/built-in.o
                0x0000000087818538                boot_get_fdt
 .text.ft_verify_fdt
                0x00000000878187e4        0x8 common/built-in.o
                0x00000000878187e4                ft_verify_fdt
 .text.image_setup_libfdt
                0x00000000878187ec      0x12c common/built-in.o
                0x00000000878187ec                image_setup_libfdt
 .text.get_effective_memsize
                0x0000000087818918        0x8 common/built-in.o
                0x0000000087818918                get_effective_memsize
 .text.nulldev_putc
                0x0000000087818920        0x4 common/built-in.o
 .text.nulldev_puts
                0x0000000087818924        0x4 common/built-in.o
 .text.nulldev_input
                0x0000000087818928        0x8 common/built-in.o
 .text.stdio_serial_tstc
                0x0000000087818930        0x4 common/built-in.o
 .text.stdio_serial_getc
                0x0000000087818934        0x4 common/built-in.o
 .text.stdio_serial_puts
                0x0000000087818938        0x8 common/built-in.o
 .text.stdio_serial_putc
                0x0000000087818940        0x8 common/built-in.o
 .text.stdio_get_list
                0x0000000087818948        0xc common/built-in.o
                0x0000000087818948                stdio_get_list
 .text.stdio_get_by_name
                0x0000000087818954       0x5c common/built-in.o
                0x0000000087818954                stdio_get_by_name
 .text.stdio_clone
                0x00000000878189b0       0x38 common/built-in.o
                0x00000000878189b0                stdio_clone
 .text.stdio_register_dev
                0x00000000878189e8       0x50 common/built-in.o
                0x00000000878189e8                stdio_register_dev
 .text.stdio_register
                0x0000000087818a38        0x8 common/built-in.o
                0x0000000087818a38                stdio_register
 .text.stdio_init_tables
                0x0000000087818a40       0x1c common/built-in.o
                0x0000000087818a40                stdio_init_tables
 .text.stdio_add_devices
                0x0000000087818a5c       0xd4 common/built-in.o
                0x0000000087818a5c                stdio_add_devices
 .text.run_command
                0x0000000087818b30       0x10 common/built-in.o
                0x0000000087818b30                run_command
 .text.run_command_list
                0x0000000087818b40       0x7c common/built-in.o
                0x0000000087818b40                run_command_list
 .text.do_run   0x0000000087818bbc       0x78 common/built-in.o
                0x0000000087818bbc                do_run
 .text.cli_loop
                0x0000000087818c34        0xc common/built-in.o
                0x0000000087818c34                cli_loop
 .text.cli_init
                0x0000000087818c40        0x4 common/built-in.o
                0x0000000087818c40                cli_init
 .text.delete_char.part.0
                0x0000000087818c44       0xd0 common/built-in.o
 .text.cread_add_char
                0x0000000087818d14       0xe8 common/built-in.o
 .text.cli_readline_into_buffer
                0x0000000087818dfc      0x9c0 common/built-in.o
                0x0000000087818dfc                cli_readline_into_buffer
 .text.cli_readline
                0x00000000878197bc       0x14 common/built-in.o
                0x00000000878197bc                cli_readline
 .text.find_cmd_tbl
                0x00000000878197d0       0xa4 common/built-in.o
                0x00000000878197d0                find_cmd_tbl
 .text.find_cmd
                0x0000000087819874       0x28 common/built-in.o
                0x0000000087819874                find_cmd
 .text.cmd_usage
                0x000000008781989c       0x5c common/built-in.o
                0x000000008781989c                cmd_usage
 .text._do_help
                0x00000000878198f8      0x178 common/built-in.o
                0x00000000878198f8                _do_help
 .text.var_complete
                0x0000000087819a70       0x84 common/built-in.o
                0x0000000087819a70                var_complete
 .text.cmd_auto_complete
                0x0000000087819af4      0x4b4 common/built-in.o
                0x0000000087819af4                cmd_auto_complete
 .text.cmd_get_data_size
                0x0000000087819fa8       0x5c common/built-in.o
                0x0000000087819fa8                cmd_get_data_size
 .text.cmd_process
                0x000000008781a004       0xec common/built-in.o
                0x000000008781a004                cmd_process
 .text.cmd_process_error
                0x000000008781a0f0       0x30 common/built-in.o
                0x000000008781a0f0                cmd_process_error
 .text.hex1_bin
                0x000000008781a120       0x40 common/built-in.o
 .text.hex2_bin
                0x000000008781a160       0x38 common/built-in.o
 .text.srec_decode
                0x000000008781a198      0x254 common/built-in.o
                0x000000008781a198                srec_decode
 .text.CYGACC_COMM_IF_GETC_TIMEOUT.isra.0
                0x000000008781a3ec       0x5c common/built-in.o
 .text.xyzModem_flush
                0x000000008781a448       0x1c common/built-in.o
 .text.xyzModem_get_hdr
                0x000000008781a464      0x230 common/built-in.o
 .text.xyzModem_stream_open
                0x000000008781a694      0x224 common/built-in.o
                0x000000008781a694                xyzModem_stream_open
 .text.xyzModem_stream_read
                0x000000008781a8b8      0x254 common/built-in.o
                0x000000008781a8b8                xyzModem_stream_read
 .text.xyzModem_stream_close
                0x000000008781ab0c       0x54 common/built-in.o
                0x000000008781ab0c                xyzModem_stream_close
 .text.xyzModem_stream_terminate
                0x000000008781ab60       0x94 common/built-in.o
                0x000000008781ab60                xyzModem_stream_terminate
 .text.xyzModem_error
                0x000000008781abf4       0x20 common/built-in.o
                0x000000008781abf4                xyzModem_error
 .text.get_dev_hwpart
                0x000000008781ac14       0xa8 disk/built-in.o
 .text.dev_print
                0x000000008781acbc      0x20c disk/built-in.o
                0x000000008781acbc                dev_print
 .text.init_part
                0x000000008781aec8       0x20 disk/built-in.o
                0x000000008781aec8                init_part
 .text.print_part
                0x000000008781aee8       0xf4 disk/built-in.o
                0x000000008781aee8                print_part
 .text.get_partition_info
                0x000000008781afdc       0x2c disk/built-in.o
                0x000000008781afdc                get_partition_info
 .text.get_device
                0x000000008781b008      0x128 disk/built-in.o
                0x000000008781b008                get_device
 .text.get_device_and_partition
                0x000000008781b130      0x3f8 disk/built-in.o
                0x000000008781b130                get_device_and_partition
 .text.test_block_type
                0x000000008781b528       0x84 disk/built-in.o
 .text.print_partition_extended
                0x000000008781b5ac      0x274 disk/built-in.o
 .text.get_partition_info_extended.constprop.1
                0x000000008781b820      0x2fc disk/built-in.o
 .text.test_part_dos
                0x000000008781bb1c       0x60 disk/built-in.o
                0x000000008781bb1c                test_part_dos
 .text.print_part_dos
                0x000000008781bb7c       0x34 disk/built-in.o
                0x000000008781bb7c                print_part_dos
 .text.get_partition_info_dos
                0x000000008781bbb0       0x20 disk/built-in.o
                0x000000008781bbb0                get_partition_info_dos
 .text.alloc_priv
                0x000000008781bbd0       0x48 drivers/built-in.o
 .text.device_bind
                0x000000008781bc18      0x304 drivers/built-in.o
                0x000000008781bc18                device_bind
 .text.device_bind_by_name
                0x000000008781bf1c       0x60 drivers/built-in.o
                0x000000008781bf1c                device_bind_by_name
 .text.device_probe
                0x000000008781bf7c      0x234 drivers/built-in.o
                0x000000008781bf7c                device_probe
 .text.dev_get_platdata
                0x000000008781c1b0       0x34 drivers/built-in.o
                0x000000008781c1b0                dev_get_platdata
 .text.dev_get_priv
                0x000000008781c1e4       0x34 drivers/built-in.o
                0x000000008781c1e4                dev_get_priv
 .text.lists_driver_lookup_name
                0x000000008781c218       0x4c drivers/built-in.o
                0x000000008781c218                lists_driver_lookup_name
 .text.lists_uclass_lookup
                0x000000008781c264       0x3c drivers/built-in.o
                0x000000008781c264                lists_uclass_lookup
 .text.lists_bind_drivers
                0x000000008781c2a0       0x88 drivers/built-in.o
                0x000000008781c2a0                lists_bind_drivers
 .text.dm_root  0x000000008781c328       0x2c drivers/built-in.o
                0x000000008781c328                dm_root
 .text.dm_init  0x000000008781c354       0x58 drivers/built-in.o
                0x000000008781c354                dm_init
 .text.dm_scan_platdata
                0x000000008781c3ac       0x2c drivers/built-in.o
                0x000000008781c3ac                dm_scan_platdata
 .text.dm_scan_other
                0x000000008781c3d8        0x8 drivers/built-in.o
                0x000000008781c3d8                dm_scan_other
 .text.dm_init_and_scan
                0x000000008781c3e0       0x30 drivers/built-in.o
                0x000000008781c3e0                dm_init_and_scan
 .text.uclass_find
                0x000000008781c410       0x4c drivers/built-in.o
                0x000000008781c410                uclass_find
 .text.uclass_get
                0x000000008781c45c      0x124 drivers/built-in.o
                0x000000008781c45c                uclass_get
 .text.uclass_find_device
                0x000000008781c580       0x74 drivers/built-in.o
                0x000000008781c580                uclass_find_device
 .text.uclass_find_device_by_seq
                0x000000008781c5f4       0x7c drivers/built-in.o
                0x000000008781c5f4                uclass_find_device_by_seq
 .text.uclass_get_device_tail
                0x000000008781c670       0x2c drivers/built-in.o
                0x000000008781c670                uclass_get_device_tail
 .text.uclass_get_device
                0x000000008781c69c       0x30 drivers/built-in.o
                0x000000008781c69c                uclass_get_device
 .text.uclass_bind_device
                0x000000008781c6cc       0x7c drivers/built-in.o
                0x000000008781c6cc                uclass_bind_device
 .text.uclass_unbind_device
                0x000000008781c748       0x4c drivers/built-in.o
                0x000000008781c748                uclass_unbind_device
 .text.uclass_resolve_seq
                0x000000008781c794       0xb0 drivers/built-in.o
                0x000000008781c794                uclass_resolve_seq
 .text.uclass_pre_probe_device
                0x000000008781c844       0x64 drivers/built-in.o
                0x000000008781c844                uclass_pre_probe_device
 .text.uclass_post_probe_device
                0x000000008781c8a8       0x20 drivers/built-in.o
                0x000000008781c8a8                uclass_post_probe_device
 .text.uclass_pre_remove_device
                0x000000008781c8c8       0x20 drivers/built-in.o
                0x000000008781c8c8                uclass_pre_remove_device
 .text.dm_warn  0x000000008781c8e8       0x28 drivers/built-in.o
                0x000000008781c8e8                dm_warn
 .text.device_free
                0x000000008781c910       0x90 drivers/built-in.o
                0x000000008781c910                device_free
 .text.device_remove
                0x000000008781c9a0      0x138 drivers/built-in.o
                0x000000008781c9a0                device_remove
 .text.show_devices
                0x000000008781cad8       0xfc drivers/built-in.o
 .text.dm_dump_all
                0x000000008781cbd4       0x3c drivers/built-in.o
                0x000000008781cbd4                dm_dump_all
 .text.dm_dump_uclass
                0x000000008781cc10       0xdc drivers/built-in.o
                0x000000008781cc10                dm_dump_uclass
 .text.finish_access
                0x000000008781ccec       0x2c drivers/built-in.o
 .text.setup_direct_access
                0x000000008781cd18      0x120 drivers/built-in.o
 .text.prepare_access
                0x000000008781ce38       0xcc drivers/built-in.o
 .text.fuse_bank_physical
                0x000000008781cf04       0xd4 drivers/built-in.o
                0x000000008781cf04                fuse_bank_physical
 .text.fuse_word_physical
                0x000000008781cfd8       0x40 drivers/built-in.o
                0x000000008781cfd8                fuse_word_physical
 .text.fuse_read
                0x000000008781d018       0x80 drivers/built-in.o
                0x000000008781d018                fuse_read
 .text.fuse_sense
                0x000000008781d098       0x94 drivers/built-in.o
                0x000000008781d098                fuse_sense
 .text.fuse_prog
                0x000000008781d12c       0x88 drivers/built-in.o
                0x000000008781d12c                fuse_prog
 .text.fuse_override
                0x000000008781d1b4       0x78 drivers/built-in.o
                0x000000008781d1b4                fuse_override
 .text.video_drawchars
                0x000000008781d22c      0x44c drivers/built-in.o
 .text.video_invertchar
                0x000000008781d678       0x74 drivers/built-in.o
 .text.draw_bitmap
                0x000000008781d6ec       0xdc drivers/built-in.o
 .text.video_putc.part.1
                0x000000008781d7c8       0x28 drivers/built-in.o
 .text.console_newline.constprop.3
                0x000000008781d7f0       0xe0 drivers/built-in.o
 .text.board_cfb_skip
                0x000000008781d8d0        0x8 drivers/built-in.o
                0x000000008781d8d0                board_cfb_skip
 .text.console_cursor
                0x000000008781d8d8       0xa8 drivers/built-in.o
                0x000000008781d8d8                console_cursor
 .text.video_putc
                0x000000008781d980      0x1a4 drivers/built-in.o
 .text.video_puts
                0x000000008781db24       0x7c drivers/built-in.o
 .text.video_set_lut
                0x000000008781dba0        0x4 drivers/built-in.o
                0x000000008781dba0                video_set_lut
 .text.display_rle8_bitmap
                0x000000008781dba4      0x374 drivers/built-in.o
 .text.plot_logo_or_black
                0x000000008781df18      0x284 drivers/built-in.o
 .text.do_clrlogo
                0x000000008781e19c       0x44 drivers/built-in.o
 .text.video_display_bitmap
                0x000000008781e1e0      0x934 drivers/built-in.o
                0x000000008781e1e0                video_display_bitmap
 .text.video_clear
                0x000000008781eb14       0x54 drivers/built-in.o
                0x000000008781eb14                video_clear
 .text.drv_video_init
                0x000000008781eb68      0x424 drivers/built-in.o
                0x000000008781eb68                drv_video_init
 .text.mxsfb_system_setup
                0x000000008781ef8c        0x4 drivers/built-in.o
                0x000000008781ef8c                mxsfb_system_setup
 .text.mxs_lcd_panel_setup
                0x000000008781ef90       0x78 drivers/built-in.o
                0x000000008781ef90                mxs_lcd_panel_setup
 .text.lcdif_power_down
                0x000000008781f008       0x6c drivers/built-in.o
                0x000000008781f008                lcdif_power_down
 .text.video_hw_init
                0x000000008781f074      0x3e8 drivers/built-in.o
                0x000000008781f074                video_hw_init
 .text.video_get_param_len.constprop.1
                0x000000008781f45c       0x20 drivers/built-in.o
 .text.video_get_params
                0x000000008781f47c      0x4d8 drivers/built-in.o
                0x000000008781f47c                video_get_params
 .text.reset_cpu
                0x000000008781f954       0x48 drivers/built-in.o
                0x000000008781f954                reset_cpu
 .text.thermal_get_temp
                0x000000008781f99c       0x20 drivers/built-in.o
                0x000000008781f99c                thermal_get_temp
 *fill*         0x000000008781f9bc        0x4 
 .text.read_cpu_temperature
                0x000000008781f9c0      0x14c drivers/built-in.o
 .text.imx_thermal_get_temp
                0x000000008781fb0c       0x64 drivers/built-in.o
                0x000000008781fb0c                imx_thermal_get_temp
 .text.imx_thermal_probe
                0x000000008781fb70       0xc8 drivers/built-in.o
 .text.gpio_set_value
                0x000000008781fc38       0x44 drivers/gpio/built-in.o
                0x000000008781fc38                gpio_set_value
 .text.gpio_get_value
                0x000000008781fc7c       0x34 drivers/gpio/built-in.o
                0x000000008781fc7c                gpio_get_value
 .text.gpio_request
                0x000000008781fcb0       0x10 drivers/gpio/built-in.o
                0x000000008781fcb0                gpio_request
 .text.gpio_free
                0x000000008781fcc0        0x8 drivers/gpio/built-in.o
                0x000000008781fcc0                gpio_free
 .text.gpio_direction_input
                0x000000008781fcc8       0x3c drivers/gpio/built-in.o
                0x000000008781fcc8                gpio_direction_input
 .text.gpio_direction_output
                0x000000008781fd04       0x50 drivers/gpio/built-in.o
                0x000000008781fd04                gpio_direction_output
 .text.i2c_get_adapter
                0x000000008781fd54       0x64 drivers/i2c/built-in.o
                0x000000008781fd54                i2c_get_adapter
 .text.i2c_init_bus
                0x000000008781fdb8       0x90 drivers/i2c/built-in.o
 .text.i2c_get_bus_num
                0x000000008781fe48        0x8 drivers/i2c/built-in.o
                0x000000008781fe48                i2c_get_bus_num
 .text.i2c_set_bus_num
                0x000000008781fe50       0xb8 drivers/i2c/built-in.o
                0x000000008781fe50                i2c_set_bus_num
 .text.i2c_init_all
                0x000000008781ff08       0x14 drivers/i2c/built-in.o
                0x000000008781ff08                i2c_init_all
 .text.i2c_probe
                0x000000008781ff1c       0x2c drivers/i2c/built-in.o
                0x000000008781ff1c                i2c_probe
 .text.i2c_read
                0x000000008781ff48       0x4c drivers/i2c/built-in.o
                0x000000008781ff48                i2c_read
 .text.i2c_write
                0x000000008781ff94       0x4c drivers/i2c/built-in.o
                0x000000008781ff94                i2c_write
 .text.i2c_set_bus_speed
                0x000000008781ffe0       0x64 drivers/i2c/built-in.o
                0x000000008781ffe0                i2c_set_bus_speed
 .text.i2c_get_bus_speed
                0x0000000087820044       0x14 drivers/i2c/built-in.o
                0x0000000087820044                i2c_get_bus_speed
 .text.i2c_init
                0x0000000087820058       0x14 drivers/i2c/built-in.o
                0x0000000087820058                i2c_init
 .text.wait_for_sr_state
                0x000000008782006c      0x100 drivers/i2c/built-in.o
 .text.tx_byte  0x000000008782016c       0x50 drivers/i2c/built-in.o
 .text.bus_i2c_set_bus_speed
                0x00000000878201bc       0xb4 drivers/i2c/built-in.o
 .text.mxc_i2c_set_bus_speed
                0x0000000087820270       0x18 drivers/i2c/built-in.o
 .text.i2c_imx_stop
                0x0000000087820288       0x50 drivers/i2c/built-in.o
 .text.__i2c_force_reset_slave
                0x00000000878202d8        0x4 drivers/i2c/built-in.o
                0x00000000878202d8                __i2c_force_reset_slave
                0x00000000878202d8                i2c_force_reset_slave
 .text.i2c_idle_bus
                0x00000000878202dc       0x24 drivers/i2c/built-in.o
                0x00000000878202dc                i2c_idle_bus
 .text.i2c_init_transfer
                0x0000000087820300      0x230 drivers/i2c/built-in.o
 .text.mxc_i2c_probe
                0x0000000087820530       0x40 drivers/i2c/built-in.o
 .text.mxc_i2c_read
                0x0000000087820570      0x184 drivers/i2c/built-in.o
 .text.mxc_i2c_write
                0x00000000878206f4       0x6c drivers/i2c/built-in.o
 .text.bus_i2c_init
                0x0000000087820760       0x90 drivers/i2c/built-in.o
                0x0000000087820760                bus_i2c_init
 .text.mxc_i2c_init
                0x00000000878207f0       0x1c drivers/i2c/built-in.o
 .text.esdhc_getcd
                0x000000008782080c       0x40 drivers/mmc/built-in.o
 .text.esdhc_set_ios
                0x000000008782084c      0x124 drivers/mmc/built-in.o
 .text.esdhc_init
                0x0000000087820970       0xb8 drivers/mmc/built-in.o
 .text.check_and_invalidate_dcache_range.isra.0
                0x0000000087820a28       0x30 drivers/mmc/built-in.o
 .text.esdhc_send_cmd
                0x0000000087820a58      0x3e8 drivers/mmc/built-in.o
 .text.fsl_esdhc_initialize
                0x0000000087820e40      0x19c drivers/mmc/built-in.o
                0x0000000087820e40                fsl_esdhc_initialize
 .text.fsl_esdhc_mmc_init
                0x0000000087820fdc       0x38 drivers/mmc/built-in.o
                0x0000000087820fdc                fsl_esdhc_mmc_init